INCEPUT  pos:   -1 line: 1
{  pos:   -1 line: 2
INT  pos:   -1 line: 2
identifier  pos:   5 0 line: 2
,  pos:   -1 line: 2
INT  pos:   -1 line: 2
identifier  pos:   23 0 line: 2
,  pos:   -1 line: 2
BOOL  pos:   -1 line: 2
identifier  pos:   0 0 line: 2
}  pos:   -1 line: 2
;  pos:   -1 line: 3
{  pos:   -1 line: 4
CITESTE  pos:   -1 line: 5
identifier  pos:   23 0 line: 5
,  pos:   -1 line: 5
identifier  pos:   23 0 line: 6
=  pos:   -1 line: 6
const  pos:   14 0 line: 6
,  pos:   -1 line: 6
identifier  pos:   0 0 line: 7
=  pos:   -1 line: 7
const  pos:   25 0 line: 7
,  pos:   -1 line: 7
CAT_TIMP  pos:   -1 line: 8
identifier  pos:   23 0 line: 8
<  pos:   -1 line: 8
identifier  pos:   5 0 line: 8
/  pos:   -1 line: 8
const  pos:   14 0 line: 8
EXECUTA  pos:   -1 line: 8
DACA  pos:   -1 line: 9
identifier  pos:   5 0 line: 9
%  pos:   -1 line: 9
identifier  pos:   23 0 line: 9
==  pos:   -1 line: 9
const  pos:   12 0 line: 9
ATUNCI  pos:   -1 line: 9
identifier  pos:   0 0 line: 9
=  pos:   -1 line: 9
const  pos:   1 0 line: 9
,  pos:   -1 line: 9
DACA  pos:   -1 line: 10
identifier  pos:   0 0 line: 10
ATUNCI  pos:   -1 line: 10
SCRIE  pos:   -1 line: 10
"  pos:   -1 line: 10
const  pos:   7 0 line: 10
"  pos:   -1 line: 10
ALTFEL  pos:   -1 line: 10
SCRIE  pos:   -1 line: 10
"  pos:   -1 line: 10
const  pos:   0 0 line: 10
"  pos:   -1 line: 10
identifier  pos:   21 0 line: 10
"  pos:   -1 line: 10
const  pos:   0 0 line: 10
"  pos:   -1 line: 10
}  pos:   -1 line: 11
SFARSIT  pos:   -1 line: 12
