identifier : 
number  pos:  5 0
d  pos:  23 0
estePrim  pos:  0 0
nu_este_prim  pos:  21 0

 constants: 
2  pos:  14 0
true  pos:  25 0
0  pos:  12 0
false  pos:  1 0
prim  pos:  7 0
  pos:  0 0
