identifier : 
number  pos:  18 0
d  pos:  27 0
estePrim  pos:  21 0

 constants: 
2  pos:  24 0
true  pos:  5 0
0  pos:  24 1
false  pos:  4 0
prim  pos:  16 0
nu_este_prim  pos:  6 0
