INCEPUT  pos:   -1
{  pos:   -1
INT  pos:   -1
identifier  pos:   26 0
,  pos:   -1
INT  pos:   -1
identifier  pos:   14 0
,  pos:   -1
INT  pos:   -1
identifier  pos:   10 0
,  pos:   -1
INT  pos:   -1
identifier  pos:   10 1
}  pos:   -1
;  pos:   -1
{  pos:   -1
CAT_TIMP  pos:   -1
identifier  pos:   14 0
!=  pos:   -1
const  pos:   24 0
EXECUTA  pos:   -1
(  pos:   -1
identifier  pos:   10 1
=  pos:   -1
identifier  pos:   26 0
,  pos:   -1
identifier  pos:   26 0
=  pos:   -1
identifier  pos:   14 0
,  pos:   -1
identifier  pos:   14 0
=  pos:   -1
identifier  pos:   10 1
%  pos:   -1
identifier  pos:   14 0
)  pos:   -1
,  pos:   -1
SCRIE  pos:   -1
identifier  pos:   26 0
}  pos:   -1
SFARSIT  pos:   -1
