identifier : 
a  pos:  26 0
b  pos:  14 0
gcd  pos:  10 0
aux  pos:  10 1

 constants: 
0  pos:  24 0
