+---------+-------------+----------+-----------------+
|   index | info        |   parent |   right sibling |
+=========+=============+==========+=================+
|       0 | S           |          |                 |
+---------+-------------+----------+-----------------+
|       1 | INCEPUT     |        0 |               2 |
+---------+-------------+----------+-----------------+
|       2 | {           |        0 |               3 |
+---------+-------------+----------+-----------------+
|       3 | declist     |        0 |              10 |
+---------+-------------+----------+-----------------+
|       4 | declaration |        3 |               6 |
+---------+-------------+----------+-----------------+
|       5 | identifier  |        4 |                 |
+---------+-------------+----------+-----------------+
|       6 | ,           |        3 |               7 |
+---------+-------------+----------+-----------------+
|       7 | declist     |        3 |                 |
+---------+-------------+----------+-----------------+
|       8 | declaration |        7 |                 |
+---------+-------------+----------+-----------------+
|       9 | identifier  |        8 |                 |
+---------+-------------+----------+-----------------+
|      10 | }           |        0 |              11 |
+---------+-------------+----------+-----------------+
|      11 | ;           |        0 |              12 |
+---------+-------------+----------+-----------------+
|      12 | {           |        0 |              13 |
+---------+-------------+----------+-----------------+
|      13 | cmpstmt     |        0 |              15 |
+---------+-------------+----------+-----------------+
|      14 | identifier  |       13 |                 |
+---------+-------------+----------+-----------------+
|      15 | }           |        0 |              16 |
+---------+-------------+----------+-----------------+
|      16 | SFARSIT     |        0 |                 |
+---------+-------------+----------+-----------------+