INCEPUT  pos:   -1
{  pos:   -1
identifier  pos:   29 0
,  pos:   -1
identifier  pos:   29 0
}  pos:   -1
;  pos:   -1
{  pos:   -1
identifier  pos:   10 0
}  pos:   -1
SFARSIT  pos:   -1
