identifier : 
dec  pos:  29 0
stmt  pos:  10 0

 constants: 
