INCEPUT  pos:   -1
{  pos:   -1
INT  pos:   -1
a  pos:   3 0
,  pos:   -1
INT  pos:   -1
b  pos:   13 0
,  pos:   -1
INT  pos:   -1
c  pos:   20 0
,  pos:   -1
INT  pos:   -1
max  pos:   20 1
}  pos:   -1
;  pos:   -1
{  pos:   -1
a  pos:   3 0
=  pos:   -1
10  pos:   12 0
,  pos:   -1
b  pos:   13 0
=  pos:   -1
15  pos:   18 0
,  pos:   -1
c  pos:   20 0
=  pos:   -1
3  pos:   20 0
,  pos:   -1
DACA  pos:   -1
a  pos:   3 0
>=  pos:   -1
b  pos:   13 0
ATUNCI  pos:   -1
DACA  pos:   -1
a  pos:   3 0
>=  pos:   -1
c  pos:   20 0
ATUNCI  pos:   -1
max  pos:   20 1
=  pos:   -1
a  pos:   3 0
ALTFEL  pos:   -1
max  pos:   20 1
=  pos:   -1
c  pos:   20 0
ALTFEL  pos:   -1
DACA  pos:   -1
b  pos:   13 0
>=  pos:   -1
c  pos:   20 0
ATUNCI  pos:   -1
max  pos:   20 1
=  pos:   -1
b  pos:   13 0
ALTFEL  pos:   -1
max  pos:   20 1
=  pos:   -1
c  pos:   20 0
}  pos:   -1
SFARSIT  pos:   -1
