identifier : 
a  pos:  20 0
b  pos:  7 0
c  pos:  0 0
max  pos:  24 0

 constants: 
10  pos:  8 0
15  pos:  26 0
3  pos:  22 0
